07-04 08:44:28.667  3002  3002 I HoneySpace.MinusOnePageController: onControllerInterceptTouchEvent :: , QuickOptionUtil.isShowQuickOption = false, QuickOptionUtil.isDragging = false, isOnStateTransition = false, isTouchEventInGestureActionArea = true, isDragAnimRunning = false, isAppClosing = true, isInternalDex false, NowBriefBlur.isShown = false
07-04 08:44:28.668  3002  3002 I GestureDetector: obtain mCurrentMotionEventRaw. action: 2 id: 760999
07-04 08:44:28.668  3002  3002 I HoneySpace.RectFAnimation: animateToFinalPosition RectF(470.41498, 1823.1986, 620.415, 1973.1986)
07-04 08:44:28.668  3002  3002 I HoneySpace.RectFAnimation: animateToFinalPosition RectF(470.41498, 1823.1986, 620.415, 1973.1986)
07-04 08:44:28.668  3002  3002 I HoneySpace.RectFAnimation: animateToFinalPosition RectF(462.51587, 1823.1986, 612.51587, 1973.1986)
07-04 08:44:28.671  3002  4220 I VRI[LauncherActivity]@7c38133: mWNT: t=0xb400006f3c27d200 mBlastBufferQueue=0xb400006dd4c42800 fn= 19 HdrRenderState mRenderHdrSdrRatio=1.0 caller= com.android.systemui.shared.launcher.ViewRootImplCompat.mergeWithNextTransaction:4 com.honeyspace.transition.utils.SurfaceTransactionApplier.scheduleApply$lambda$1:16 com.honeyspace.transition.utils.SurfaceTransactionApplier.b:0 
07-04 08:44:28.671  1505  3142 D ActivityManager: unpendingScheduleServiceRestart: u=10352, drop=false
07-04 08:44:28.672  1505  3142 D ActivityManager: unpendingScheduleServiceRestart: u=10352, drop=false
07-04 08:44:28.672  1000  1000 D SurfaceFlinger: setDesiredMode 4627039422300187648 {mode={fps=90.00 Hz, modePtr={id=0, vsyncRate=90.00 Hz, peakRefreshRate=90.00 Hz}}, emitEvent=false, force=false}
07-04 08:44:28.677  3002  3002 I HoneySpace.HomescreenPot: gestureTouchEventTracker touch event : 2
07-04 08:44:28.677  3002  3002 I HoneySpace.HomeView: findControllerToHandleTouch ev = 2
07-04 08:44:28.677  3002  3002 I HoneySpace.FinderTouchController: onControllerInterceptTouchEvent :: canInterceptTouch() = false, QuickOptionUtil.isShowQuickOption() : false QuickOptionUtil.isDragging : false NowBriefBlurOption.isShown() : false
07-04 08:44:28.677  3002  3002 I HoneySpace.HomeAppsTouchController: currentChangeState : com.honeyspace.sdk.HomeScreen$Normal@4593334, currentHoneyState : com.honeyspace.sdk.HomeScreen$Normal@4593334, EditLockPopup : false, isOpenFolderMode : false, isChildScrolling : false, isDragAnimRunning : false
07-04 08:44:28.677  3002  3002 I HoneySpace.HomeAppsTouchController: skip move event null false
07-04 08:44:28.677  3002  3002 I HoneySpace.PageEditTouchController: onControllerInterceptTouchEvent, isShowQuickOption=false, isDragging=false, isAvailablePinchZoomState=true, homeDataLoading=false, isRunningPageReorder=false, currentChangeState=com.honeyspace.sdk.HomeScreen$Normal@4593334, gestureRunning=true, appClosing=true,
07-04 08:44:28.677  3002  3002 I HoneySpace.MinusOnePageController: onControllerInterceptTouchEvent :: , QuickOptionUtil.isShowQuickOption = false, QuickOptionUtil.isDragging = false, isOnStateTransition = false, isTouchEventInGestureActionArea = true, isDragAnimRunning = false, isAppClosing = true, isInternalDex false, NowBriefBlur.isShown = false
07-04 08:44:28.679  3002  3002 I HoneySpace.GestureMotionDetector: onScroll, angle = 80.4
07-04 08:44:28.679  3002  3002 I HoneySpace.GestureMotionDetector: onScroll, ActionDragInTaskbar(event=MotionEvent { action=ACTION_MOVE, actionButton=0, id[0]=0, x[0]=570.22656, y[0]=2307.083, toolType[0]=TOOL_TYPE_FINGER, buttonState=0, classification=NONE, metaState=0, flags=0x0, edgeFlags=0x0, pointerCount=1, historySize=1, eventTime=1057883726, downTime=1057883700, deviceId=6, source=0x1002, displayId=0, eventId=854996523 }, distanceX=4.2265625, distanceY=-24.916992)
07-04 08:44:28.679  3002  3002 I HoneySpace.SearcleInputConsumer: restart timer: 4.2265625, -24.916992
07-04 08:44:28.679  3002  3002 I HoneySpace.RectFAnimation: animateToFinalPosition RectF(462.51587, 1838.3954, 612.51587, 1988.3954)
07-04 08:44:28.679  3002  3002 I HoneySpace.RectFAnimation: animateToFinalPosition RectF(462.51587, 1838.3954, 612.51587, 1988.3954)
07-04 08:44:28.679  3002  3002 I HoneySpace.RectFAnimation: animateToFinalPosition RectF(460.06305, 1838.3954, 610.06305, 1988.3954)
07-04 08:44:28.680  1505  3142 D ActivityManager: unpendingScheduleServiceRestart: u=10352, drop=false
07-04 08:44:28.681  1505  3142 D ActivityManager: unpendingScheduleServiceRestart: u=10352, drop=false
07-04 08:44:28.681  3002  4220 I VRI[LauncherActivity]@7c38133: mWNT: t=0xb400006f3c27d800 mBlastBufferQueue=0xb400006dd4c42800 fn= 20 HdrRenderState mRenderHdrSdrRatio=1.0 caller= com.android.systemui.shared.launcher.ViewRootImplCompat.mergeWithNextTransaction:4 com.honeyspace.transition.utils.SurfaceTransactionApplier.scheduleApply$lambda$1:16 com.honeyspace.transition.utils.SurfaceTransactionApplier.b:0 
07-04 08:44:28.683  1000  1000 D SurfaceFlinger: setDesiredMode 4627039422300187648 {mode={fps=90.00 Hz, modePtr={id=0, vsyncRate=90.00 Hz, peakRefreshRate=90.00 Hz}}, emitEvent=false, force=false}
07-04 08:44:28.686  1505  1529 D WindowManager: requestTransientBars: swipeTarget=Window{55d7c47 u0 NavigationBarView}, controlTarget=Window{3639f74 u0 com.sec.android.app.launcher/com.sec.android.app.launcher.activities.LauncherActivity}, canShowTransient=true, restorePositionTypes=0x3, from=com.android.server.wm.DisplayPolicy.requestTransientBars:171 com.android.server.wm.DisplayPolicy$1.onSwipeFromBottom:21 
07-04 08:44:28.688  3002  3002 I HoneySpace.HomescreenPot: gestureTouchEventTracker touch event : 2
07-04 08:44:28.688  3002  3002 I HoneySpace.HomeView: findControllerToHandleTouch ev = 2
07-04 08:44:28.688  3002  3002 I HoneySpace.FinderTouchController: onControllerInterceptTouchEvent :: canInterceptTouch() = false, QuickOptionUtil.isShowQuickOption() : false QuickOptionUtil.isDragging : false NowBriefBlurOption.isShown() : false
07-04 08:44:28.688  3002  3002 I HoneySpace.HomeAppsTouchController: currentChangeState : com.honeyspace.sdk.HomeScreen$Normal@4593334, currentHoneyState : com.honeyspace.sdk.HomeScreen$Normal@4593334, EditLockPopup : false, isOpenFolderMode : false, isChildScrolling : false, isDragAnimRunning : false
07-04 08:44:28.688  3002  3002 I HoneySpace.HomeAppsTouchController: skip move event null false
07-04 08:44:28.688  3002  3002 I HoneySpace.PageEditTouchController: onControllerInterceptTouchEvent, isShowQuickOption=false, isDragging=false, isAvailablePinchZoomState=true, homeDataLoading=false, isRunningPageReorder=false, currentChangeState=com.honeyspace.sdk.HomeScreen$Normal@4593334, gestureRunning=true, appClosing=true,
07-04 08:44:28.688  3002  3002 I HoneySpace.MinusOnePageController: onControllerInterceptTouchEvent :: , QuickOptionUtil.isShowQuickOption = false, QuickOptionUtil.isDragging = false, isOnStateTransition = false, isTouchEventInGestureActionArea = true, isDragAnimRunning = false, isAppClosing = true, isInternalDex false, NowBriefBlur.isShown = false
07-04 08:44:28.690  3002  3002 I HoneySpace.GestureMotionDetector: onScroll, angle = 76.2
07-04 08:44:28.690  3002  3002 I HoneySpace.GestureMotionDetector: onScroll, ActionDragInTaskbar(event=MotionEvent { action=ACTION_MOVE, actionButton=0, id[0]=0, x[0]=583.9541, y[0]=2258.6426, toolType[0]=TOOL_TYPE_FINGER, buttonState=0, classification=NONE, metaState=0, flags=0x0, edgeFlags=0x0, pointerCount=1, historySize=2, eventTime=1057883737, downTime=1057883700, deviceId=6, source=0x1002, displayId=0, eventId=147192948 }, distanceX=17.954102, distanceY=-73.35742)
07-04 08:44:28.690  3002  3002 I HoneySpace.SearcleInputConsumer: cancelSearcle
07-04 08:44:28.690  2594  4119 D LauncherProxyService: cancelSearcle
07-04 08:44:28.690  3002  3002 I HoneySpace.RectFAnimation: animateToFinalPosition RectF(460.06305, 1847.4678, 610.06305, 1997.4678)
07-04 08:44:28.690  3002  3002 I HoneySpace.RectFAnimation: animateToFinalPosition RectF(460.06305, 1847.4678, 610.06305, 1997.4678)
07-04 08:44:28.690  3002  3002 I HoneySpace.RectFAnimation: animateToFinalPosition RectF(458.53516, 1847.4678, 608.53516, 1997.4678)
07-04 08:44:28.691  1505  3142 D ActivityManager: unpendingScheduleServiceRestart: u=10352, drop=false
07-04 08:44:28.691  2594  2594 D SearcleManager: startSearcleByHomeKey down = false, longPress = false
07-04 08:44:28.691  2594  2594 D SearcleManager: startSearcleByHomeKey currentDownCount = 0 tipShownCount = 2 
07-04 08:44:28.691  2594  2594 D SearcleManager: startSearcleByHomeKey isInstalledCTSApp = UNINSTALLED
07-04 08:44:28.692  1505  3142 D ActivityManager: unpendingScheduleServiceRestart: u=10352, drop=false
07-04 08:44:28.694  1000  1000 D SurfaceFlinger: setDesiredMode 4627039422300187648 {mode={fps=90.00 Hz, modePtr={id=0, vsyncRate=90.00 Hz, peakRefreshRate=90.00 Hz}}, emitEvent=false, force=false}
07-04 08:44:28.695  3002  4220 I VRI[LauncherActivity]@7c38133: mWNT: t=0xb400006f3c2a9200 mBlastBufferQueue=0xb400006dd4c42800 fn= 21 HdrRenderState mRenderHdrSdrRatio=1.0 caller= com.android.systemui.shared.launcher.ViewRootImplCompat.mergeWithNextTransaction:4 com.honeyspace.transition.utils.SurfaceTransactionApplier.scheduleApply$lambda$1:16 com.honeyspace.transition.utils.SurfaceTransactionApplier.b:0 
07-04 08:44:28.699  3002  3002 I HoneySpace.HomescreenPot: gestureTouchEventTracker touch event : 2
07-04 08:44:28.699  3002  3002 I HoneySpace.HomeView: findControllerToHandleTouch ev = 2
07-04 08:44:28.699  3002  3002 I HoneySpace.TouchDirectionDetector: displacementComponent = -115.413086
07-04 08:44:28.699  3002  3002 I HoneySpace.TouchDirectionDetector: canScrollNegative direction = true
07-04 08:44:28.699  3002  3002 I HoneySpace.TouchDirectionDetector: direction.isNegative(displacement) = false
07-04 08:44:28.699  3002  3002 I HoneySpace.TouchDirectionDetector: canScrollPositive direction = false
07-04 08:44:28.699  3002  3002 I HoneySpace.TouchDirectionDetector: direction.isPositive(displacement) = true
07-04 08:44:28.699  3002  3002 I HoneySpace.FinderTouchController: onControllerInterceptTouchEvent :: canInterceptTouch() = false, QuickOptionUtil.isShowQuickOption() : false QuickOptionUtil.isDragging : false NowBriefBlurOption.isShown() : false
07-04 08:44:28.699  3002  3002 I HoneySpace.HomeAppsTouchController: currentChangeState : com.honeyspace.sdk.HomeScreen$Normal@4593334, currentHoneyState : com.honeyspace.sdk.HomeScreen$Normal@4593334, EditLockPopup : false, isOpenFolderMode : false, isChildScrolling : false, isDragAnimRunning : false
07-04 08:44:28.699  3002  3002 I HoneySpace.HomeAppsTouchController: skip move event null false
07-04 08:44:28.699  3002  3002 I HoneySpace.PageEditTouchController: onControllerInterceptTouchEvent, isShowQuickOption=false, isDragging=false, isAvailablePinchZoomState=true, homeDataLoading=false, isRunningPageReorder=false, currentChangeState=com.honeyspace.sdk.HomeScreen$Normal@4593334, gestureRunning=true, appClosing=true,
07-04 08:44:28.699  3002  3002 I HoneySpace.MinusOnePageController: onControllerInterceptTouchEvent :: , QuickOptionUtil.isShowQuickOption = false, QuickOptionUtil.isDragging = false, isOnStateTransition = false, isTouchEventInGestureActionArea = false, isDragAnimRunning = false, isAppClosing = true, isInternalDex false, NowBriefBlur.isShown = false
07-04 08:44:28.701  3002  3002 I HoneySpace.GestureMotionDetector: onScroll, angle = 73.2
07-04 08:44:28.701  3002  3002 I HoneySpace.GestureMotionDetector: onScroll, SwipeUp(event=MotionEvent { action=ACTION_MOVE, actionButton=0, id[0]=0, x[0]=600.78613, y[0]=2216.587, toolType[0]=TOOL_TYPE_FINGER, buttonState=0, classification=NONE, metaState=0, flags=0x0, edgeFlags=0x0, pointerCount=1, historySize=2, eventTime=1057883748, downTime=1057883700, deviceId=6, source=0x1002, displayId=0, eventId=658958187 }, angle=73.2)
07-04 08:44:28.703  1505  3142 D ActivityManager: unpendingScheduleServiceRestart: u=10352, drop=false
07-04 08:44:28.703  3002  3002 I HoneySpace.InputSession: inputConsumer activated: HomeScreenInputConsumer
07-04 08:44:28.703  3002  3002 I HoneySpace.InputMonitorProxyImpl: pilferPointers com.android.systemui.shared.system.InputMonitorCompat@fc952e3
07-04 08:44:28.703  1505  3142 D ActivityManager: unpendingScheduleServiceRestart: u=10352, drop=false
07-04 08:44:28.704  1505  4168 D InputManagerService: pilferPointers
07-04 08:44:28.704  3002  3002 I HoneySpace.RectFAnimation: animateToFinalPosition RectF(458.53516, 1853.5142, 608.53516, 2003.5142)
07-04 08:44:28.704  3002  3002 I HoneySpace.RectFAnimation: animateToFinalPosition RectF(458.53516, 1853.5142, 608.53516, 2003.5142)
07-04 08:44:28.704  1505  4168 I InputDispatcher: Channel [Gesture Monitor] swipe-up is stealing input gesture for device 6 from [recents_animation_input_consumer, [Gesture Monitor] PalmMotion, [Gesture Monitor] edge-swipe]
07-04 08:44:28.704  3002  3002 I HoneySpace.RectFAnimation: animateToFinalPosition RectF(457.4165, 1853.5142, 607.4165, 2003.5142)
07-04 08:44:28.705  1505  4168 D InputDispatcher: Cancel for 'recents': input channel stole pointer stream, m=1
07-04 08:44:28.705  1505  4168 I InputDispatcher: Delivering touch to (1505): action: 0x3, f=0x20, d=0, 'recents', t=1 
07-04 08:44:28.705  3002  3002 I HoneySpace.WorkspaceViewModel: StartContentAnimation, type: AppClose, inProgress: false
07-04 08:44:28.705  3002  3002 I HoneySpace.HomescreenPot: playContentAnimator end, skip alpha: false, state transition : false, paramType = AppClose, state = com.honeyspace.sdk.HomeScreen$Normal@4593334 -> com.honeyspace.sdk.HomeScreen$Normal@4593334
07-04 08:44:28.706  3002  3002 I HoneySpace.HoneyScreenManagerImpl: transitionAnimator is ended, onCancel: false
07-04 08:44:28.706  3002  3002 I HoneySpace.ContentsAnimator: ContentsAnimator end [88975183]
07-04 08:44:28.707  3002  4266 I HoneySpace.SPayHandler: updateSpayHandler(), show = true, defaultPage = true, minusOnePage = false, f6.G.playContentAnimator(SourceFile:273)
07-04 08:44:28.709  3002  4220 I VRI[LauncherActivity]@7c38133: mWNT: t=0xb400006f3c2bf600 mBlastBufferQueue=0xb400006dd4c42800 fn= 22 HdrRenderState mRenderHdrSdrRatio=1.0 caller= com.android.systemui.shared.launcher.ViewRootImplCompat.mergeWithNextTransaction:4 com.honeyspace.transition.utils.SurfaceTransactionApplier.scheduleApply$lambda$1:16 com.honeyspace.transition.utils.SurfaceTransactionApplier.b:0 
07-04 08:44:28.709  3002  3002 I HoneySpace.GestureTouchEventTrackerImpl: sendToInputProxy[0]: up, cancel - 1057883700
07-04 08:44:28.709  3002  3002 I HoneySpace.HomescreenPot: gestureTouchEventTracker touch event : 3
07-04 08:44:28.709  3002  3002 I HoneySpace.HomeView: findControllerToHandleTouch ev = 3
07-04 08:44:28.709  3002  3002 I HoneySpace.FinderTouchController: onControllerInterceptTouchEvent :: canInterceptTouch() = false, QuickOptionUtil.isShowQuickOption() : false QuickOptionUtil.isDragging : false NowBriefBlurOption.isShown() : false
07-04 08:44:28.709  3002  3002 I HoneySpace.HomeAppsTouchController: currentChangeState : com.honeyspace.sdk.HomeScreen$Normal@4593334, currentHoneyState : com.honeyspace.sdk.HomeScreen$Normal@4593334, EditLockPopup : false, isOpenFolderMode : false, isChildScrolling : false, isDragAnimRunning : false
07-04 08:44:28.709  3002  3002 I HoneySpace.PageEditTouchController: onControllerInterceptTouchEvent, isShowQuickOption=false, isDragging=false, isAvailablePinchZoomState=true, homeDataLoading=false, isRunningPageReorder=false, currentChangeState=com.honeyspace.sdk.HomeScreen$Normal@4593334, gestureRunning=true, appClosing=true,
07-04 08:44:28.709  3002  3002 I HoneySpace.MinusOnePageController: onControllerInterceptTouchEvent :: , QuickOptionUtil.isShowQuickOption = false, QuickOptionUtil.isDragging = false, isOnStateTransition = false, isTouchEventInGestureActionArea = false, isDragAnimRunning = false, isAppClosing = true, isInternalDex false, NowBriefBlur.isShown = false
07-04 08:44:28.709  3002  3002 I HoneySpace.InputConsumerProxy: touchInProgress false
07-04 08:44:28.710  3002  3002 I HoneySpace.GestureMotionDetector: onScroll, ACTION_DRAG
07-04 08:44:28.711  3002  3002 I HoneySpace.RectFAnimation: animateToFinalPosition RectF(457.4165, 1854.5522, 607.4165, 2004.5522)
07-04 08:44:28.711  3002  3002 I HoneySpace.RectFAnimation: animateToFinalPosition RectF(457.4165, 1854.5522, 607.4165, 2004.5522)
07-04 08:44:28.711  3002  3002 I HoneySpace.RectFAnimation: animateToFinalPosition RectF(457.1731, 1854.5522, 607.1731, 2004.5522)
07-04 08:44:28.713  1505  3142 D ActivityManager: unpendingScheduleServiceRestart: u=10352, drop=false
07-04 08:44:28.713  1505  3142 D ActivityManager: unpendingScheduleServiceRestart: u=10352, drop=false
07-04 08:44:28.714  3002  4220 I VRI[LauncherActivity]@7c38133: mWNT: t=0xb400006f3c2c8000 mBlastBufferQueue=0xb400006dd4c42800 fn= 23 HdrRenderState mRenderHdrSdrRatio=1.0 caller= com.android.systemui.shared.launcher.ViewRootImplCompat.mergeWithNextTransaction:4 com.honeyspace.transition.utils.SurfaceTransactionApplier.scheduleApply$lambda$1:16 com.honeyspace.transition.utils.SurfaceTransactionApplier.b:0 
07-04 08:44:28.717  1000  1000 D SurfaceFlinger: setDesiredMode 4627039422300187648 {mode={fps=90.00 Hz, modePtr={id=0, vsyncRate=90.00 Hz, peakRefreshRate=90.00 Hz}}, emitEvent=false, force=false}
07-04 08:44:28.721  3002  3002 I HoneySpace.GestureMotionDetector: onScroll, ACTION_DRAG
07-04 08:44:28.722  3002  3002 I HoneySpace.RectFAnimation: animateToFinalPosition RectF(457.1731, 1854.5149, 607.1731, 2004.5149)
07-04 08:44:28.722  3002  3002 I HoneySpace.RectFAnimation: animateToFinalPosition RectF(457.1731, 1854.5149, 607.1731, 2004.5149)
07-04 08:44:28.722  3002  3002 I HoneySpace.RectFAnimation: animateToFinalPosition RectF(457.0257, 1854.5149, 607.0257, 2004.5149)
07-04 08:44:28.724  3002  4220 I VRI[LauncherActivity]@7c38133: mWNT: t=0xb400006f3c2c8200 mBlastBufferQueue=0xb400006dd4c42800 fn= 24 HdrRenderState mRenderHdrSdrRatio=1.0 caller= com.android.systemui.shared.launcher.ViewRootImplCompat.mergeWithNextTransaction:4 com.honeyspace.transition.utils.SurfaceTransactionApplier.scheduleApply$lambda$1:16 com.honeyspace.transition.utils.SurfaceTransactionApplier.b:0 
07-04 08:44:28.725  1505  3142 D ActivityManager: unpendingScheduleServiceRestart: u=10352, drop=false
07-04 08:44:28.726  1505  3142 D ActivityManager: unpendingScheduleServiceRestart: u=10352, drop=false
07-04 08:44:28.728  1000  1000 D SurfaceFlinger: setDesiredMode 4627039422300187648 {mode={fps=90.00 Hz, modePtr={id=0, vsyncRate=90.00 Hz, peakRefreshRate=90.00 Hz}}, emitEvent=false, force=false}
07-04 08:44:28.732  3002  3002 I HoneySpace.GestureMotionDetector: onScroll, ACTION_DRAG
07-04 08:44:28.733  3002  3002 I HoneySpace.RectFAnimation: animateToFinalPosition RectF(457.0257, 1852.4742, 607.0257, 2002.4742)
07-04 08:44:28.733  3002  3002 I HoneySpace.RectFAnimation: animateToFinalPosition RectF(457.0257, 1852.4742, 607.0257, 2002.4742)
07-04 08:44:28.733  3002  3002 I HoneySpace.RectFAnimation: animateToFinalPosition RectF(457.1914, 1852.4742, 607.1914, 2002.4742)
07-04 08:44:28.735  3002  4220 I VRI[LauncherActivity]@7c38133: mWNT: t=0xb400006f3c2d0000 mBlastBufferQueue=0xb400006dd4c42800 fn= 25 HdrRenderState mRenderHdrSdrRatio=1.0 caller= com.android.systemui.shared.launcher.ViewRootImplCompat.mergeWithNextTransaction:4 com.honeyspace.transition.utils.SurfaceTransactionApplier.scheduleApply$lambda$1:16 com.honeyspace.transition.utils.SurfaceTransactionApplier.b:0 
07-04 08:44:28.736  1505  3142 D ActivityManager: unpendingScheduleServiceRestart: u=10352, drop=false
07-04 08:44:28.737  1505  3142 D ActivityManager: unpendingScheduleServiceRestart: u=10352, drop=false
07-04 08:44:28.739  1000  1000 D SurfaceFlinger: setDesiredMode 4627039422300187648 {mode={fps=90.00 Hz, modePtr={id=0, vsyncRate=90.00 Hz, peakRefreshRate=90.00 Hz}}, emitEvent=false, force=false}
07-04 08:44:28.743  3002  3002 I HoneySpace.GestureMotionDetector: onScroll, ACTION_DRAG
07-04 08:44:28.744  3002  3002 I HoneySpace.RectFAnimation: animateToFinalPosition RectF(457.1914, 1848.9661, 607.1914, 1998.9661)
07-04 08:44:28.744  3002  3002 I HoneySpace.RectFAnimation: animateToFinalPosition RectF(457.59186, 1848.9661, 607.59186, 1998.9661)
07-04 08:44:28.745  3002  4220 I VRI[LauncherActivity]@7c38133: mWNT: t=0xb400006f3c2d0200 mBlastBufferQueue=0xb400006dd4c42800 fn= 26 HdrRenderState mRenderHdrSdrRatio=1.0 caller= com.android.systemui.shared.launcher.ViewRootImplCompat.mergeWithNextTransaction:4 com.honeyspace.transition.utils.SurfaceTransactionApplier.scheduleApply$lambda$1:16 com.honeyspace.transition.utils.SurfaceTransactionApplier.b:0 
07-04 08:44:28.747  1505  3142 D ActivityManager: unpendingScheduleServiceRestart: u=10352, drop=false
07-04 08:44:28.748  1505  3142 D ActivityManager: unpendingScheduleServiceRestart: u=10352, drop=false
07-04 08:44:28.749  3961  3961 I SemDvfsHyPerManager: acquire hyper - TATouchBoost/3961@2, type = -999
07-04 08:44:28.749  3961  3961 I SemDvfsHyPerManager: acquire hyper - TaskTurbo/3961@3, type = -999
07-04 08:44:28.750   941   968 I HYPER-HAL: [RequestManager.cpp]acquire(): Acquired ID : 7854668  [3961 / 2]    HINT :      list : [TABoost / 40] [TIMEOUT / 1500] 
07-04 08:44:28.750   941   968 I HYPER-HAL: [RequestManager.cpp]acquire(): Acquired ID : 7858633  [3961 / 3]    HINT :      list : [TaskTurbo / 15] [TIMEOUT / 1500] 
07-04 08:44:28.750  1000  1000 D SurfaceFlinger: setDesiredMode 4627039422300187648 {mode={fps=90.00 Hz, modePtr={id=0, vsyncRate=90.00 Hz, peakRefreshRate=90.00 Hz}}, emitEvent=false, force=false}
07-04 08:44:28.755  3002  3002 I HoneySpace.GestureMotionDetector: onScroll, ACTION_DRAG
07-04 08:44:28.756  3002  3002 I HoneySpace.RectFAnimation: animateToFinalPosition RectF(457.59186, 1844.0074, 607.59186, 1994.0074)
07-04 08:44:28.756  3002  3002 I HoneySpace.RectFAnimation: animateToFinalPosition RectF(458.2163, 1844.0074, 608.2163, 1994.0074)
07-04 08:44:28.758  3002  4220 I VRI[LauncherActivity]@7c38133: mWNT: t=0xb400006f3c2d0a00 mBlastBufferQueue=0xb400006dd4c42800 fn= 27 HdrRenderState mRenderHdrSdrRatio=1.0 caller= com.android.systemui.shared.launcher.ViewRootImplCompat.mergeWithNextTransaction:4 com.honeyspace.transition.utils.SurfaceTransactionApplier.scheduleApply$lambda$1:16 com.honeyspace.transition.utils.SurfaceTransactionApplier.b:0 
07-04 08:44:28.759  1505  3142 D ActivityManager: unpendingScheduleServiceRestart: u=10352, drop=false
07-04 08:44:28.760  1505  3142 D ActivityManager: unpendingScheduleServiceRestart: u=10352, drop=false
07-04 08:44:28.761  1000  1000 D SurfaceFlinger: setDesiredMode 4627039422300187648 {mode={fps=90.00 Hz, modePtr={id=0, vsyncRate=90.00 Hz, peakRefreshRate=90.00 Hz}}, emitEvent=false, force=false}
07-04 08:44:28.766  3002  3002 I HoneySpace.GestureMotionDetector: onScroll, ACTION_DRAG
07-04 08:44:28.766  3002  3002 I HoneySpace.RectFAnimation: animateToFinalPosition RectF(458.2163, 1838.8423, 608.2163, 1988.8423)
07-04 08:44:28.766  3002  3002 I HoneySpace.RectFAnimation: animateToFinalPosition RectF(458.89825, 1838.8423, 608.89825, 1988.8423)
07-04 08:44:28.768  3002  4220 I VRI[LauncherActivity]@7c38133: mWNT: t=0xb400006f3c2d0c00 mBlastBufferQueue=0xb400006dd4c42800 fn= 28 HdrRenderState mRenderHdrSdrRatio=1.0 caller= com.android.systemui.shared.launcher.ViewRootImplCompat.mergeWithNextTransaction:4 com.honeyspace.transition.utils.SurfaceTransactionApplier.scheduleApply$lambda$1:16 com.honeyspace.transition.utils.SurfaceTransactionApplier.b:0 
07-04 08:44:28.770  1505  3142 D ActivityManager: unpendingScheduleServiceRestart: u=10352, drop=false
07-04 08:44:28.770  1505  3142 D ActivityManager: unpendingScheduleServiceRestart: u=10352, drop=false
07-04 08:44:28.772  1000  1000 D SurfaceFlinger: setDesiredMode 4627039422300187648 {mode={fps=90.00 Hz, modePtr={id=0, vsyncRate=90.00 Hz, peakRefreshRate=90.00 Hz}}, emitEvent=false, force=false}
07-04 08:44:28.777  3002  3002 I HoneySpace.GestureMotionDetector: onScroll, ACTION_DRAG
07-04 08:44:28.777  3002  3002 I HoneySpace.RectFAnimation: animateToFinalPosition RectF(458.89825, 1833.4109, 608.89825, 1983.4109)
07-04 08:44:28.777  3002  3002 I HoneySpace.RectFAnimation: animateToFinalPosition RectF(459.6355, 1833.4109, 609.6355, 1983.4109)
07-04 08:44:28.780  3002  4220 I VRI[LauncherActivity]@7c38133: mWNT: t=0xb400006f3c2dc200 mBlastBufferQueue=0xb400006dd4c42800 fn= 29 HdrRenderState mRenderHdrSdrRatio=1.0 caller= com.android.systemui.shared.launcher.ViewRootImplCompat.mergeWithNextTransaction:4 com.honeyspace.transition.utils.SurfaceTransactionApplier.scheduleApply$lambda$1:16 com.honeyspace.transition.utils.SurfaceTransactionApplier.b:0 
07-04 08:44:28.781  1505  3142 D ActivityManager: unpendingScheduleServiceRestart: u=10352, drop=false
07-04 08:44:28.782  1505  3142 D ActivityManager: unpendingScheduleServiceRestart: u=10352, drop=false
07-04 08:44:28.783  1000  1000 D SurfaceFlinger: setDesiredMode 4627039422300187648 {mode={fps=90.00 Hz, modePtr={id=0, vsyncRate=90.00 Hz, peakRefreshRate=90.00 Hz}}, emitEvent=false, force=false}
07-04 08:44:28.788  3002  3002 I HoneySpace.GestureMotionDetector: onScroll, ACTION_DRAG
07-04 08:44:28.788  3002  3002 I HoneySpace.GestureMotionDetector: onMotionPauseDetected
07-04 08:44:28.788  3002  3002 I HoneySpace.GestureMotionDetector: onMotionPauseChanged, isPaused = true
07-04 08:44:28.788  3002  3002 I HoneySpace.SearcleInputConsumer: cancelSearcle
07-04 08:44:28.788  3002  3002 I HoneySpace.SettledEventImpl: onSettledEvent: KeyPressEvent(keyCode=187, displayId=0)
07-04 08:44:28.788  3002  3002 I HoneySpace.SettledEventImpl: injectKey = 187
07-04 08:44:28.788  2594  4119 D LauncherProxyService: cancelSearcle
07-04 08:44:28.788  2594  2594 D SearcleManager: startSearcleByHomeKey down = false, longPress = false
07-04 08:44:28.788  2594  2594 D SearcleManager: startSearcleByHomeKey currentDownCount = 0 tipShownCount = 2 
07-04 08:44:28.788  2594  2594 D SearcleManager: startSearcleByHomeKey isInstalledCTSApp = UNINSTALLED
07-04 08:44:28.791  3002  3002 I HoneySpace.KeyInjector: injectKey 187[RECENT]
07-04 08:44:28.791  3002  3002 I HoneySpace.KeyInjector: pressKey, 187, displayId = 0
07-04 08:44:28.792  1505  3142 D ActivityManager: unpendingScheduleServiceRestart: u=10352, drop=false
07-04 08:44:28.792  1505  4168 D InputDispatcher: Inject key (3002/10139): action=0, f=0x48, d=0, time=1057883845000000
07-04 08:44:28.792  1505  4168 D PhoneWindowManager: interceptKeyTq keycode=187 interactive=true keyguardActive=false policyFlags=2b000002
07-04 08:44:28.793  1505  3142 D ActivityManager: unpendingScheduleServiceRestart: u=10352, drop=false
07-04 08:44:28.793  1505  4168 D SingleKeyGesture: interceptKeyDown, info : KeyCode=KEYCODE_UNKNOWN, size=0
07-04 08:44:28.793  1505  4168 D PhoneWindowManagerExt: interceptKeyTq code=187 down=true repeatCount=0 displayId=0 interactive=true powerCombination=false
07-04 08:44:28.793  1505  4168 D PhoneWindowManager: interceptKeyTq interceptKeyResult=1
07-04 08:44:28.793  1505  4168 D InputDispatcher: Inject key (3002/10139): action=1, f=0x48, d=0, time=1057883848000000
07-04 08:44:28.793  1505  4168 D PhoneWindowManager: interceptKeyTq keycode=187 interactive=true keyguardActive=false policyFlags=2b000002
07-04 08:44:28.794  1505  4168 D PhoneWindowManagerExt: interceptKeyTq code=187 down=false repeatCount=0 displayId=0 interactive=true powerCombination=false
07-04 08:44:28.794  1505  4168 D PhoneWindowManager: interceptKeyTq interceptKeyResult=1
07-04 08:44:28.794  3002  3002 I HoneySpace.HintStateAnimationHelper: holding
07-04 08:44:28.795  1505  1676 D PhoneWindowManager: handleKeyGestureEvent, type=4 keyguardOn=false displayId=0
07-04 08:44:28.796  3002  3002 I HoneySpace.RectFAnimation: animateToFinalPosition RectF(459.6355, 1824.1082, 609.6355, 1974.1082)
07-04 08:44:28.797  3002  3002 I HoneySpace.RectFAnimation: animateToFinalPosition RectF(460.9308, 1824.1082, 610.9308, 1974.1082)
07-04 08:44:28.797  1505  1531 D PhoneWindowManager: handleKeyGestureEvent, type=1003 keyguardOn=false displayId=0
07-04 08:44:28.797  1505  1531 W PhoneWindowManager: Received a key gesture KeyGestureEvent { deviceId = -1, keycodes = [187, 4], modifierState = 0, keyGestureType = KEY_GESTURE_TYPE_LOCK_TASK_MODE_PINNED_RECENT_BACK, action = COMPLETE, displayId = 0, flags = CANCELLED, appLaunchData = null } that was not registered by this handler
07-04 08:44:28.799  1505  1676 D PhoneWindowManager: handleKeyGestureEvent, type=4 keyguardOn=false displayId=0
07-04 08:44:28.799  1505  1676 D PhoneWindowManager: toggleRecentApps
07-04 08:44:28.801  3002  4220 I VRI[LauncherActivity]@7c38133: mWNT: t=0xb400006f3c32d400 mBlastBufferQueue=0xb400006dd4c42800 fn= 30 HdrRenderState mRenderHdrSdrRatio=1.0 caller= com.android.systemui.shared.launcher.ViewRootImplCompat.mergeWithNextTransaction:4 com.honeyspace.transition.utils.SurfaceTransactionApplier.scheduleApply$lambda$1:16 com.honeyspace.transition.utils.SurfaceTransactionApplier.b:0 
07-04 08:44:28.801  2594  2983 D OverviewProxyRecentsImpl: toggleRecentApps
07-04 08:44:28.801  3002  3002 I HoneySpace.GestureMotionDetector: onScroll, ACTION_DRAG
07-04 08:44:28.802  3002  3002 I HoneySpace.RectFAnimation: animateToFinalPosition RectF(460.9308, 1821.7723, 610.9308, 1971.7723)
07-04 08:44:28.802  3002  3002 I HoneySpace.RectFAnimation: animateToFinalPosition RectF(461.26123, 1821.7723, 611.2612, 1971.7723)
07-04 08:44:28.803  1505  3142 D ActivityManager: unpendingScheduleServiceRestart: u=10352, drop=false
07-04 08:44:28.803  1505  3142 D ActivityManager: unpendingScheduleServiceRestart: u=10352, drop=false
07-04 08:44:28.805  3002  4220 I VRI[LauncherActivity]@7c38133: mWNT: t=0xb400006f3c32d600 mBlastBufferQueue=0xb400006dd4c42800 fn= 31 HdrRenderState mRenderHdrSdrRatio=1.0 caller= com.android.systemui.shared.launcher.ViewRootImplCompat.mergeWithNextTransaction:4 com.honeyspace.transition.utils.SurfaceTransactionApplier.scheduleApply$lambda$1:16 com.honeyspace.transition.utils.SurfaceTransactionApplier.b:0 
07-04 08:44:28.805  1000  1000 D SurfaceFlinger: setDesiredMode 4627039422300187648 {mode={fps=90.00 Hz, modePtr={id=0, vsyncRate=90.00 Hz, peakRefreshRate=90.00 Hz}}, emitEvent=false, force=false}
07-04 08:44:28.808  3002  8426 I HoneySpace.TISBinder: onOverviewToggle
07-04 08:44:28.810  3002  3052 I HoneySpace.TISBinder: onOverviewToggle - invoke event
07-04 08:44:28.811  3002 30141 I HoneySpace.OverviewEventHandler: OverviewToggleEvent: false / true
07-04 08:44:28.811  3002  3002 I HoneySpace.GestureMotionDetector: onScroll, ACTION_DRAG
07-04 08:44:28.812  3002 30141 I HoneySpace.OverviewEventHandler: closeSystemWindow
07-04 08:44:28.812  3002  3002 I HoneySpace.RectFAnimation: animateToFinalPosition RectF(461.26123, 1816.8983, 611.2612, 1966.8983)
07-04 08:44:28.813  3002  3002 I HoneySpace.RectFAnimation: animateToFinalPosition RectF(461.9569, 1816.8983, 611.9569, 1966.8983)
07-04 08:44:28.816  1000  1000 D SurfaceFlinger: setDesiredMode 4627039422300187648 {mode={fps=90.00 Hz, modePtr={id=0, vsyncRate=90.00 Hz, peakRefreshRate=90.00 Hz}}, emitEvent=false, force=false}
07-04 08:44:28.817  1505  3142 D ActivityManager: unpendingScheduleServiceRestart: u=10352, drop=false
07-04 08:44:28.817  3002  4220 I VRI[LauncherActivity]@7c38133: mWNT: t=0xb400006f3c365600 mBlastBufferQueue=0xb400006dd4c42800 fn= 32 HdrRenderState mRenderHdrSdrRatio=1.0 caller= com.android.systemui.shared.launcher.ViewRootImplCompat.mergeWithNextTransaction:4 com.honeyspace.transition.utils.SurfaceTransactionApplier.scheduleApply$lambda$1:16 com.honeyspace.transition.utils.SurfaceTransactionApplier.b:0 
07-04 08:44:28.818  2594  2594 V ShellDragAndDrop: Receive android.intent.action.CLOSE_SYSTEM_DIALOGS
07-04 08:44:28.819  2594  2773 V ShellDragAndDrop: Do not update drop target window visibility: window is already set to 4.
07-04 08:44:28.819  1505  3142 D ActivityManager: unpendingScheduleServiceRestart: u=10352, drop=false
07-04 08:44:28.820  3002 30141 I HoneySpace.OverviewEventHandler: sendRecentsToggleEvent() canOpenRecents: true, isExternalDisplay: false, isHomeTask: true, requestFocus: false, readyToCollectGestureEvent: true
07-04 08:44:28.820  3002 30141 I HoneySpace.DvfsManager: HOME_GESTURE_BOOSTER acquire
07-04 08:44:28.820  3002 30141 I HoneySpace.OverviewEventHandler: boostHomeGesture called
07-04 08:44:28.820  3002  3038 I SemDvfsHyPerManager: acquire hyper - RECENTS_GESTURE_BOOSTER/3002@1, type = -999
07-04 08:44:28.820  3002  3038 I HoneySpace.CustomFrequencyManager: enableGpisHint: true
07-04 08:44:28.821  2594  2594 D PopupUI.PopupUI: PopupUIReceiver.onReceive() action : android.intent.action.CLOSE_SYSTEM_DIALOGS
07-04 08:44:28.821   941   968 I HYPER-HAL: [RequestManager.cpp]acquire(): Acquired ID : 4510507  [3002 / 1]    HINT : RECENTS_GESTURE_BOOSTER    list : 
07-04 08:44:28.821  2594  2594 D SimTrayProtectionViewModel: dismiss : isFoldedState()falseisRemoveSimtray() : true
07-04 08:44:28.821  3002  3002 I HoneySpace.GestureMotionDetector: onScroll, ACTION_DRAG
07-04 08:44:28.821  2594  2594 D LocationControllerImpl: onReceive() = android.intent.action.CLOSE_SYSTEM_DIALOGS
07-04 08:44:28.822  3002 30141 I HoneySpace.OverviewEventHandler: requestFocus false
07-04 08:44:28.822  3002  3002 I HoneySpace.RectFAnimation: animateToFinalPosition RectF(461.9569, 1813.2303, 611.9569, 1963.2303)
07-04 08:44:28.822  3002  3002 I HoneySpace.RectFAnimation: animateToFinalPosition RectF(462.48578, 1813.2303, 612.4858, 1963.2303)
07-04 08:44:28.824  3002  7029 I HoneySpace.LauncherProvider: call - android.uid.systemui:10067, get_internal_Dex_status, internal_dex_status
07-04 08:44:28.825  3002  7029 I HoneySpace.ExternalMethodItem: updateRefsItemsByEntryPoints. HoneySpaceInfo(name=OneUI, displayId=0)
07-04 08:44:28.826  2594  2594 D SecMultiSIMPreferredBarViewModel: onReceive() - action = android.intent.action.CLOSE_SYSTEM_DIALOGS
07-04 08:44:28.826  2594  2594 D SecMultiSIMPreferredBarViewModel: Received broadcast that should dismiss popup: android.intent.action.CLOSE_SYSTEM_DIALOGS
07-04 08:44:28.826  2594  2594 D #SAT_VolumeStarStore: dispatch [ACTION_DISMISS_REQUESTED with [STATE_NO_DISPATCH], currentAction={isFromOutside : true}, currentState={activeStream=3(vol=550), stream=3(vol=550) } isCaptionComponentEnabled : true, isVoiceCapable : true, isHasVibrator : true, timeOutControls : 30000, timeOutControlsText : 30000, iconCurrentState : 2, pinDevice : 0, stream : 3, timeOut : 30000, cutoutHeight : 0, ringerModeInternal : 2, iconTargetState : 2, earProtectLevel : 909, activeStream : 3, systemTimeNow : 1055494132}
07-04 08:44:28.826  2594  2594 D #SAT_VolumeStarStore:   * New State : [STATE_NO_DISPATCH]
07-04 08:44:28.826  1505  3142 D ActivityManager: unpendingScheduleServiceRestart: u=10352, drop=false
07-04 08:44:28.826  3002  4220 I VRI[LauncherActivity]@7c38133: mWNT: t=0xb400006f3c365800 mBlastBufferQueue=0xb400006dd4c42800 fn= 33 HdrRenderState mRenderHdrSdrRatio=1.0 caller= com.android.systemui.shared.launcher.ViewRootImplCompat.mergeWithNextTransaction:4 com.honeyspace.transition.utils.SurfaceTransactionApplier.scheduleApply$lambda$1:16 com.honeyspace.transition.utils.SurfaceTransactionApplier.b:0 
07-04 08:44:28.826  1505  3142 D ActivityManager: unpendingScheduleServiceRestart: u=10352, drop=false
07-04 08:44:28.826  3002  3002 I HoneySpace.ShellTransitionManager: startShellTransition com.honeyspace.sdk.transition.ShellTransition$Info@560b694, forceStart: false
07-04 08:44:28.826  3002  3002 I HoneySpace.ShellTransitionManager: recents launch case while closing or isPairAppTransition:false
07-04 08:44:28.827  1000  1000 D SurfaceFlinger: setDesiredMode 4627039422300187648 {mode={fps=90.00 Hz, modePtr={id=0, vsyncRate=90.00 Hz, peakRefreshRate=90.00 Hz}}, emitEvent=false, force=false}
07-04 08:44:28.828  3002 25648 I HoneySpace.OneUiSpace: received close system dialog reason=recentapps
07-04 08:44:28.832  3002  3002 I HoneySpace.GestureMotionDetector: onScroll, ACTION_DRAG
07-04 08:44:28.833  3002  3002 I HoneySpace.RectFAnimation: animateToFinalPosition RectF(463.0389, 1809.6597, 613.0389, 1959.6597)
07-04 08:44:28.835  3002  4220 I VRI[LauncherActivity]@7c38133: mWNT: t=0xb400006f3c36f600 mBlastBufferQueue=0xb400006dd4c42800 fn= 34 HdrRenderState mRenderHdrSdrRatio=1.0 caller= com.android.systemui.shared.launcher.ViewRootImplCompat.mergeWithNextTransaction:4 com.honeyspace.transition.utils.SurfaceTransactionApplier.scheduleApply$lambda$1:16 com.honeyspace.transition.utils.SurfaceTransactionApplier.b:0 
07-04 08:44:28.837  1505  3142 D ActivityManager: unpendingScheduleServiceRestart: u=10352, drop=false
07-04 08:44:28.838  1505  3142 D ActivityManager: unpendingScheduleServiceRestart: u=10352, drop=false
07-04 08:44:28.839  1000  1000 D SurfaceFlinger: setDesiredMode 4627039422300187648 {mode={fps=90.00 Hz, modePtr={id=0, vsyncRate=90.00 Hz, peakRefreshRate=90.00 Hz}}, emitEvent=false, force=false}
07-04 08:44:28.843  3002  3002 I HoneySpace.GestureMotionDetector: onScroll, ACTION_DRAG
07-04 08:44:28.844  3002  3002 I HoneySpace.RectFAnimation: animateToFinalPosition RectF(463.26392, 1808.207, 613.2639, 1958.207)
07-04 08:44:28.845  3002  4220 I VRI[LauncherActivity]@7c38133: mWNT: t=0xb400006f3c36f800 mBlastBufferQueue=0xb400006dd4c42800 fn= 35 HdrRenderState mRenderHdrSdrRatio=1.0 caller= com.android.systemui.shared.launcher.ViewRootImplCompat.mergeWithNextTransaction:4 com.honeyspace.transition.utils.SurfaceTransactionApplier.scheduleApply$lambda$1:16 com.honeyspace.transition.utils.SurfaceTransactionApplier.b:0 
07-04 08:44:28.848  1505  3142 D ActivityManager: unpendingScheduleServiceRestart: u=10352, drop=false
07-04 08:44:28.849  1505  3142 D ActivityManager: unpendingScheduleServiceRestart: u=10352, drop=false
07-04 08:44:28.850  1000  1000 D SurfaceFlinger: setDesiredMode 4627039422300187648 {mode={fps=90.00 Hz, modePtr={id=0, vsyncRate=90.00 Hz, peakRefreshRate=90.00 Hz}}, emitEvent=false, force=false}
07-04 08:44:28.851 13474 13474 I adbd    : adbd service requested 'shell,v2,TERM=dumb:export ANDROID_LOG_TAGS=''; exec logcat '-d' '-t' '500''
07-04 08:44:28.853  3961  3961 I SemDvfsHyPerManager: acquire hyper - TATouchBoost/3961@2, type = -999
07-04 08:44:28.853  3961  3961 I SemDvfsHyPerManager: acquire hyper - TaskTurbo/3961@3, type = -999
07-04 08:44:28.854   941   968 I HYPER-HAL: [RequestManager.cpp]acquire(): Acquired ID : 7854668  [3961 / 2]    HINT :      list : [TABoost / 40] [TIMEOUT / 1500] 
07-04 08:44:28.854   941   968 I HYPER-HAL: [RequestManager.cpp]acquire(): Acquired ID : 7858633  [3961 / 3]    HINT :      list : [TaskTurbo / 15] [TIMEOUT / 1500] 
07-04 08:44:28.855  3002  3002 I HoneySpace.GestureMotionDetector: onScroll, ACTION_DRAG
07-04 08:44:28.856  3002  3002 I HoneySpace.RectFAnimation: animateToFinalPosition RectF(463.83572, 1804.5159, 613.8357, 1954.5159)
07-04 08:44:28.859  3002  4220 I VRI[LauncherActivity]@7c38133: mWNT: t=0xb400006f3c383c00 mBlastBufferQueue=0xb400006dd4c42800 fn= 36 HdrRenderState mRenderHdrSdrRatio=1.0 caller= com.android.systemui.shared.launcher.ViewRootImplCompat.mergeWithNextTransaction:4 com.honeyspace.transition.utils.SurfaceTransactionApplier.scheduleApply$lambda$1:16 com.honeyspace.transition.utils.SurfaceTransactionApplier.b:0 
07-04 08:44:28.860  1505  3142 D ActivityManager: unpendingScheduleServiceRestart: u=10352, drop=false
07-04 08:44:28.861  1505  3142 D ActivityManager: unpendingScheduleServiceRestart: u=10352, drop=false
07-04 08:44:28.861  1000  1000 D SurfaceFlinger: setDesiredMode 4627039422300187648 {mode={fps=90.00 Hz, modePtr={id=0, vsyncRate=90.00 Hz, peakRefreshRate=90.00 Hz}}, emitEvent=false, force=false}
07-04 08:44:28.865  3002  3002 I HoneySpace.GestureMotionDetector: onScroll, ACTION_DRAG
07-04 08:44:28.866  3002  3002 I HoneySpace.RectFAnimation: animateToFinalPosition RectF(464.49182, 1800.2804, 614.4918, 1950.2804)
07-04 08:44:28.869  3002  4220 I VRI[LauncherActivity]@7c38133: mWNT: t=0xb400006f3c384000 mBlastBufferQueue=0xb400006dd4c42800 fn= 37 HdrRenderState mRenderHdrSdrRatio=1.0 caller= com.android.systemui.shared.launcher.ViewRootImplCompat.mergeWithNextTransaction:4 com.honeyspace.transition.utils.SurfaceTransactionApplier.scheduleApply$lambda$1:16 com.honeyspace.transition.utils.SurfaceTransactionApplier.b:0 
07-04 08:44:28.870  1505  3142 D ActivityManager: unpendingScheduleServiceRestart: u=10352, drop=false
07-04 08:44:28.871  1505  3142 D ActivityManager: unpendingScheduleServiceRestart: u=10352, drop=false
07-04 08:44:28.872  1000  1000 D SurfaceFlinger: setDesiredMode 4627039422300187648 {mode={fps=90.00 Hz, modePtr={id=0, vsyncRate=90.00 Hz, peakRefreshRate=90.00 Hz}}, emitEvent=false, force=false}
07-04 08:44:28.877  3002  3002 I HoneySpace.GestureMotionDetector: onScroll, ACTION_DRAG
07-04 08:44:28.877  3002  3002 I HoneySpace.RectFAnimation: animateToFinalPosition RectF(464.952, 1797.3098, 614.952, 1947.3098)
07-04 08:44:28.881  1505  3142 D ActivityManager: unpendingScheduleServiceRestart: u=10352, drop=false
07-04 08:44:28.881  3002  4220 I VRI[LauncherActivity]@7c38133: mWNT: t=0xb400006f3c3a9400 mBlastBufferQueue=0xb400006dd4c42800 fn= 38 HdrRenderState mRenderHdrSdrRatio=1.0 caller= com.android.systemui.shared.launcher.ViewRootImplCompat.mergeWithNextTransaction:4 com.honeyspace.transition.utils.SurfaceTransactionApplier.scheduleApply$lambda$1:16 com.honeyspace.transition.utils.SurfaceTransactionApplier.b:0 
07-04 08:44:28.881  1505  3142 D ActivityManager: unpendingScheduleServiceRestart: u=10352, drop=false
07-04 08:44:28.883  1000  1000 D SurfaceFlinger: setDesiredMode 4627039422300187648 {mode={fps=90.00 Hz, modePtr={id=0, vsyncRate=90.00 Hz, peakRefreshRate=90.00 Hz}}, emitEvent=false, force=false}
07-04 08:44:28.888  3002  3002 I HoneySpace.GestureMotionDetector: onScroll, ACTION_DRAG
07-04 08:44:28.889  3002  3002 I HoneySpace.RectFAnimation: animateToFinalPosition RectF(465.0, 1797.0, 615.0, 1947.0)
07-04 08:44:28.892  1505  3142 D ActivityManager: unpendingScheduleServiceRestart: u=10352, drop=false
07-04 08:44:28.892  3002  4220 I VRI[LauncherActivity]@7c38133: mWNT: t=0xb400006f3c3a9600 mBlastBufferQueue=0xb400006dd4c42800 fn= 39 HdrRenderState mRenderHdrSdrRatio=1.0 caller= com.android.systemui.shared.launcher.ViewRootImplCompat.mergeWithNextTransaction:4 com.honeyspace.transition.utils.SurfaceTransactionApplier.scheduleApply$lambda$1:16 com.honeyspace.transition.utils.SurfaceTransactionApplier.b:0 
07-04 08:44:28.893  1505  3142 D ActivityManager: unpendingScheduleServiceRestart: u=10352, drop=false
07-04 08:44:28.894  1000  1000 D SurfaceFlinger: setDesiredMode 4627039422300187648 {mode={fps=90.00 Hz, modePtr={id=0, vsyncRate=90.00 Hz, peakRefreshRate=90.00 Hz}}, emitEvent=false, force=false}
